<li>mop</li><li>trash bin</li><li>flashlight</li>
