function anonymous(_swig,_ctx,_filters,_utils,_fn) {
  var _ext = _swig.extensions,
    _output = "";
_output += "<h1>";
if ((((typeof _ctx.foo !== "undefined" && _ctx.foo !== null) ? ((typeof _ctx.foo !== "undefined" && _ctx.foo !== null) ? _ctx.foo : "") : ((typeof foo !== "undefined" && foo !== null) ? foo : "")) !== null ? ((typeof _ctx.foo !== "undefined" && _ctx.foo !== null) ? ((typeof _ctx.foo !== "undefined" && _ctx.foo !== null) ? _ctx.foo : "") : ((typeof foo !== "undefined" && foo !== null) ? foo : "")) : "" )) { 
_output += "Bar";

}_output += "</h1>\n";

  return _output;

}
