(function() {(window.nunjucksPrecompiled = window.nunjucksPrecompiled || {})["Noah"] = (function() {function root(env, context, frame, runtime, cb) {
var lineno = null;
var colno = null;
var output = "";
try {
output += "<p>";
output += runtime.suppressValue(runtime.contextOrFrameLookup(context, frame, "message"), env.autoesc);
output += "</p>\n";
cb(null, output);
;
} catch (e) {
  cb(runtime.handleError(e, lineno, colno));
}
}
return {
root: root
};
})();
return function(ctx, cb) { return nunjucks.render("Noah", ctx, cb); }})();
