<header>
  Accord
</header>

<footer>
  Footer
</footer>
